Return	Disabled service
Execute	.target.bash_output " LANG=C TERM=dumb COLUMNS=1024 systemctl --no-legend --no-pager --no-ask-password show smb.service  --property=Id  --property=MainPID  --property=Description  --property=LoadState  --property=ActiveState  --property=SubState  --property=UnitFileState  --property=FragmentPath  --property=CanReload " $["exit":0, "stderr":"", "stdout":""]
Execute	.target.bash_output " LANG=C TERM=dumb COLUMNS=1024 systemctl --no-legend --no-pager --no-ask-password is-enabled smb.service " $["exit":0, "stderr":"", "stdout":""]
Return	0
Return	Enabled service
Execute	.target.bash_output " LANG=C TERM=dumb COLUMNS=1024 systemctl --no-legend --no-pager --no-ask-password show smb.service  --property=Id  --property=MainPID  --property=Description  --property=LoadState  --property=ActiveState  --property=SubState  --property=UnitFileState  --property=FragmentPath  --property=CanReload " $["exit":0, "stderr":"", "stdout":""]
Execute	.target.bash_output " LANG=C TERM=dumb COLUMNS=1024 systemctl --no-legend --no-pager --no-ask-password is-enabled smb.service " $["exit":0, "stderr":"", "stdout":""]
Return	0
